
 {
     let a
     function f() -> x
     {
         let b := 4
         for { } f() { }
         { }
     }
 }
