
 {
     let a
     function g()
     { let c }
     function f()
     {
         let b
         let d
     }
 }
