
 {
     { let a, b, c }
     {
         let a_1
         if a_1 { let b_2 := a_1 }
     }
 }
