
 {
     {
         let aanteuhdaoneudbrgkjiuaothduiathudaoeuh
     }
     {
         let aanteuhdaoneudbrgkjiuaothduiathudaoeuh_1
     }
 }
