
 {
     {
         let c
         let b
     }
     function f(a, c_1) -> b_2
     { let x }
     {
         let a_3
         let x_4
     }
 }
