
 {
     {
         let a
         let a_1
     }
     { let a_2 }
 }
