
 {
     {
         let a
         let c
         let e
     }
     function f()
     { let b }
     function g()
     { let d }
 }
