
 {
     { let a }
     function f()
     {
         let b
         function g()
         { let c }
         let d
     }
 }
