
 {
     let a := 20
     for { } lt(a, 40) { a := add(a, 2) }
     {
         a := a
         if lt(a, 0) { break }
     }
 }
