
 {
     function f() -> x
     {
         let a := 20
         for { } lt(a, 40) { a := add(a, 2) }
         {
             a := a
             leave
         }
         x := 9
     }
     pop(f())
 }
