
 {
     fun()
     revert(0, 0)
     function fun()
     { sstore(0, 1) }
 }
