
 {
     let a := 20
     for { } mylt(a, 40) { a := myadd(a, 2) }
     {
         a := a
         continue
     }
     function mylt(a, b) -> c { }
     function myadd(a,b) -> c { }
     function mymstore(a,b) { }
 }
